// Jest Snapshot v1, https://goo.gl/fbAQLP

exports[`NavbarLink Renders correctly 1`] = `
<a>
  Homepage
</a>
`;
